// Jest Snapshot v1, https://goo.gl/fbAQLP

exports[`BlogPostTemplate it should be the correct query 1`] = `[Function]`;
